{"error":"No PDF file uploaded. Please attach a file."}